0x41574a 0x41574f host
0x415751 0x41575a host
0x403e5e 0x403e65 segment
0x403e6a 0x403e6d segment
0x414838 0x414844 host
0x414846 0x414874 host
0x403a3b 0x403a43 host
0x403780 0x4037a5 host
0x40730e 0x407345 host
0x404756 0x40475e segment
0x404760 0x404772 segment
0x40397b 0x40397e host
0x403a37 0x403a38 host
0x403aef 0x403b0f segment
0x403b3c 0x403b47 segment
0x4073b4 0x4073c1 host
0x4037aa 0x4037b2 host
0x403763 0x40376b host
0x403774 0x40377b host
0x4156fb 0x415707 host
0x415709 0x41572e host
0x4046eb 0x4046f6 segment
0x407187 0x40719a host
0x40470b 0x40471e segment
0x40472a 0x404736 segment
0x4070c3 0x4070db segment
0x403e57 0x403e5c segment
0x41573c 0x41574f host
0x4072bf 0x4072e5 host
0x403e3c 0x403e43 segment
0x403e45 0x403e49 segment
0x4047a7 0x4047b9 segment
0x415730 0x415732 host
0x40306d 0x403089 None
0x4073c2 0x4073d2 None
0x403031 0x403042 None
0x403044 0x40306c None
0x40359e 0x4035a2 host
0x4035ae 0x4035be host
0x403be1 0x403bf3 segment
0x403bf8 0x403c06 segment
0x403569 0x403570 host
0x40357c 0x403597 host
0x415ced 0x415cf3 host
0x415d0a 0x415d10 host
0x403e7b 0x403e82 segment
0x403eb4 0x403ebf segment
0x407006 0x407051 None
0x407069 0x40706e None
0x404777 0x40477e segment
0x40465a 0x404664 path-abempty
0x4038cd 0x4038d4 None
0x403961 0x403968 None
0x40348e 0x4034ac None
0x4030fb 0x403107 host
0x402170 0x402170 host
0x40396d 0x403970 host
0x403972 0x403975 host
0x404790 0x4047a5 segment
0x403ce6 0x403ce8 segment
0x40308e 0x40309b host
0x403759 0x403761 host
0x4140de 0x4140e6 host
0x4140f1 0x4140f9 host
0x4035d0 0x4035d9 host
0x4034f1 0x4034fa host
0x403ba7 0x403bd5 segment
0x4158f1 0x4158f7 host
0x403c0b 0x403c0d segment
0x4038da 0x4038fa None
0x40719c 0x4071b4 host
0x407070 0x40707c None
0x4072ea 0x4072f1 host
0x4072f3 0x4072f8 host
0x403952 0x403955 None
0x4070a7 0x4070b3 segment
0x407158 0x407186 None
0x403599 0x40359c host
0x403922 0x403934 None
0x40374f 0x403757 host
0x40300a 0x40301c None
0x40301e 0x40302f None
0x403b49 0x403b52 segment
0x403ba0 0x403ba6 segment
0x407259 0x40727f None
0x403cbb 0x403ce1 segment
0x407284 0x407285 None
0x40730c 0x40730d host
0x403745 0x40374d host
0x4034b1 0x4034e1 host
0x4035df 0x4035e3 host
0x407367 0x4073af host
0x4038ff 0x403906 None
0x4035c0 0x4035c4 host
0x404787 0x40478e segment
0x4037bb 0x4037c1 host
0x403e6f 0x403e76 segment
0x40708c 0x407091 host
0x403cac 0x403cb5 segment
0x404a47 0x404a78 #fragment
0x437978 0x437981 userinfo@
0x437987 0x43798c userinfo@
0x437898 0x43789d userinfo@
0x4378c4 0x4378c9 userinfo@
0x402f57 0x402f5e userinfo@
0x402f60 0x402f68 userinfo@
0x4379f3 0x437a0e userinfo@
0x437a42 0x437a43 userinfo@
0x4378d5 0x4378e2 userinfo@
0x437918 0x437926 userinfo@
0x40306b 0x40306c userinfo@
0x437874 0x43787d userinfo@
0x402f76 0x402f8b userinfo@
0x402ee4 0x402eee userinfo@
0x402ef3 0x402efc userinfo@
0x43795c 0x437973 userinfo@
0x437823 0x43786f userinfo@
0x40452a 0x404530 #fragment
0x404a7d 0x404a90 #fragment
0x403000 0x403008 userinfo@
0x4379b0 0x4379b5 userinfo@
0x402ed3 0x402ee2 userinfo@
0x402fc5 0x402fcc userinfo@
0x402ff1 0x402ffc userinfo@
0x402f14 0x402f3d userinfo@
0x402f42 0x402f49 userinfo@
0x402f8d 0x402fa0 userinfo@
0x402030 0x402030 host
0x4033da 0x4033dd host
0x4031fe 0x403217 host
0x403223 0x40323e host
0x4033df 0x4033e6 host
0x4039ac 0x4039b6 host
0x4039bb 0x4039cb host
0x403243 0x40324f host
0x40338f 0x4033ad host
0x40309d 0x4030a9 host
0x4033eb 0x403415 host
0x4039d0 0x4039d3 host
0x402330 0x402330 host
0x4030ae 0x4030b9 host
0x4039a0 0x4039a7 host
0x4034e7 0x4034ec host
0x4037c0 0x4037c1 host
0x402250 0x402250 host
0x404619 0x40462c None
0x404635 0x40463b ?query
0x404ae8 0x404afb ?query
0x4033be 0x4033d5 host
0x404603 0x404617 None
0x404ab2 0x404ae3 ?query
0x4033b2 0x4033b5 host
0x403572 0x403577 host
0x4039f6 0x403a00 host
0x403a05 0x403a15 host
0x403984 0x403987 host
0x40398d 0x403990 host
0x403a1a 0x403a1d host
0x403a3a 0x403a43 host
0x40450e 0x404521 fragment
0x4039e1 0x4039e8 host
0x4039ea 0x4039f1 host
0x4045e7 0x4045fa query
0x40311d 0x403137 :port
0x40448b 0x404495 fragment
0x403472 0x40347e host
0x403487 0x40348d host
0x40709d 0x4070a5 host
0x404561 0x40456b query
0x4037fa 0x4037ff host
0x40388b 0x40388c host
0x4037da 0x4037ea host
0x4037ef 0x4037f8 host
0x4037c2 0x4037d5 host
0x403438 0x403441 host
0x40345c 0x40346d host
0x403416 0x40342f host
0x403996 0x403999 host
0x4039d5 0x4039dc host
0x407445 0x40745d :port
0x407466 0x40748d :port
0x40316d 0x403180 port
0x414e58 0x414e67 port
0x4031c0 0x4031d6 port
0x415dab 0x415de2 port
0x415d80 0x415d83 port
0x415d85 0x415d8c port
0x415d11 0x415d35 port
0x415d3a 0x415d54 port
0x415da9 0x415daa port
0x415e4a 0x415e59 port
0x4147d0 0x4147dc port
0x4147de 0x41480c port
0x415905 0x41593d port
0x4140a6 0x4140ae port
0x4140bc 0x4140c4 port
0x414828 0x414833 port
0x415e04 0x415e45 port
0x415942 0x415948 port
0x415a92 0x415a93 port
0x413f53 0x413f5b port
0x415d74 0x415d7b port
0x413f66 0x413f6a port
0x40319b 0x4031be port
0x407ca9 0x407cb6 port
0x4140c6 0x4140cd port
0x415d59 0x415d5f port
0x415d91 0x415d91 port
0x403185 0x403187 port
0x403189 0x403192 port
0x407cb8 0x407cd4 port
0x4031db 0x4031ee port