0x40b0cf 0x40b0f3 object-element
0x40b0f5 0x40b0fa object-element
0x404808 0x40480a object-element
0x40481f 0x404850 object-element
0x40b1b1 0x40b1b2 object-element
0x40705c 0x40705c object-element
0x404746 0x40474f object-element
0x4047c7 0x4047db string
0x4047e1 0x404803 object-element
0x40a9e3 0x40a9ea object-element
0x40a9ec 0x40aa0b object-element
0x401ee4 0x401efb object-element
0x404bf4 0x404c42 object-element
0x40a190 0x40a195 object-element
0x40a19b 0x40a1bd string
0x407098 0x407098 object-element
0x40709e 0x4070a7 object-element
0x401dd6 0x401e08 boolean
0x401e0d 0x401e1b boolean
0x404c5e 0x404c83 object-element
0x404c88 0x404cf7 object-element
0x4038be 0x4038e7 boolean
0x4038fc 0x403945 boolean
0x403895 0x4038b9 boolean
0x40738d 0x4073ac boolean
0x40a2ef 0x40a2fd string
0x4048e1 0x4048ea string
0x40497c 0x40498b string
0x40a087 0x40a0c7 object-element
0x40a0cd 0x40a0d5 object-element
0x407018 0x407026 object-element
0x4060a2 0x4060c1 object-element
0x40ae08 0x40ae45 object-element
0x40ae8c 0x40af1b object-element
0x404cfc 0x404d05 object-element
0x404d07 0x404d50 object-element
0x4070bc 0x4070d5 object-element
0x40ad72 0x40adbb object-element
0x407119 0x407141 object-element
0x407082 0x40708a object-element
0x40708c 0x407093 object-element
0x40475c 0x40477b object-element
0x4011f0 0x4011f0 object-element
0x405b64 0x405b91 object-element
0x40700c 0x407013 object-element
0x406126 0x406133 object-element
0x405ad2 0x405ae3 object-element
0x405afa 0x405b12 object-element
0x4037be 0x4037c0 boolean
0x4037d5 0x40381e boolean
0x404b99 0x404bea object-element
0x404780 0x4047a4 object-element
0x4047bc 0x4047db string
0x40a185 0x40a18a object-element
0x404c47 0x404c49 object-element
0x40b049 0x40b04f object-element
0x4070da 0x4070da object-element
0x407117 0x407118 object-element
0x403820 0x403844 boolean
0x40af21 0x40afa3 object-element
0x406fb4 0x406fda object-element
0x4067f5 0x406802 object-element
0x4073b1 0x4073ba boolean
0x4073c3 0x4073d2 boolean
0x40a9c5 0x40a9db object-element
0x40a9dd 0x40a9de object-element
0x401e9b 0x401ec0 object-element
0x404aa3 0x404ab3 string
0x40a90c 0x40a979 string
0x40aa24 0x40aa2b object-element
0x4060c3 0x4060c4 object-element
0x40702b 0x407037 object-element
0x40680b 0x406812 object-element
0x406fdf 0x406fe2 object-element
0x40b5d4 0x40b5d5 object-element
0x401280 0x401280 object-element
0x404855 0x40487e object-element
0x407063 0x40706f object-element
0x401110 0x401110 object-element
0x4070b0 0x4070b7 object-element
0x40707b 0x407080 object-element
0x40387e 0x40388f boolean
0x403a98 0x403aaf boolean
0x40b5cb 0x40b5cf object-element
0x40b096 0x40b0ca object-element
0x40b19d 0x40b1a6 object-element
0x4049d9 0x4049e9 string
0x404a63 0x404a72 string
0x404b0a 0x404b53 object-element
0x404b6b 0x404b84 object-element
0x4049ab 0x4049d3 string
0x405b3c 0x405b5f object-element
0x40aa10 0x40aa1f object-element
0x404afa 0x404afa object-element
0x404aff 0x404b08 object-element
0x40379c 0x4037b9 boolean
0x403849 0x40384b boolean
0x407146 0x407147 object-element
0x405ab9 0x405ad0 object-element
0x404893 0x4048dc object-element
0x407039 0x407040 object-element
0x407045 0x407057 object-element
0x405e20 0x405e3f object-element
0x403d55 0x403d5e number
0x403d64 0x403d6d number
0x403d84 0x403d8d number
0x403d93 0x403d9c number
0x40436a 0x4043b3 number
0x403ccb 0x403cda number
0x403d0b 0x403d1b number
0x403f6f 0x403f76 number
0x403f78 0x403f7f number
0x40428f 0x40429b number
0x4042a1 0x4042c9 number
0x403b9f 0x403bbd number
0x403bbf 0x403bc2 number
0x403e0d 0x403e16 number
0x403e61 0x403e65 number
0x403c12 0x403c3b number
0x403c41 0x403c51 number
0x403df7 0x403e00 number
0x403e02 0x403e0b number
0x403f2f 0x403f64 number
0x403f66 0x403f6d number
0x403dda 0x403de3 number
0x403bd0 0x403bec number
0x403fbd 0x403fce number
0x403dcc 0x403dd8 number
0x403bc4 0x403bc7 number
0x403bc9 0x403bcc number
0x403d6f 0x403d78 number
0x403e9b 0x403eae number
0x403f03 0x403f0f number
0x4040cb 0x4040d7 number
0x406876 0x406881 number
0x40689f 0x4068b9 number
0x408563 0x408568 number
0x404318 0x404341 number
0x403f15 0x403f24 number
0x403f2a 0x403f2a number
0x403e84 0x403e86 number
0x403d7e 0x403d82 number
0x4042d6 0x404313 number
0x4084df 0x4084f9 number
0x403c13 0x403c3b number
0x403bce 0x403bce number
0x4042ce 0x4042d0 number
0x403db7 0x403dbb number
0x40519c 0x4051bd number
0x403ab4 0x403aeb number
0x403de9 0x403df5 number
0x4068e9 0x4068ee number
0x40699a 0x4069a6 number
0x4069a9 0x4069aa number
0x4010a0 0x4010a0 number
0x4051c2 0x4051e2 number
0x403fd6 0x403fe3 number
0x408545 0x40855e number
0x4068ba 0x4068e4 number
0x401e57 0x401e65 number
0x4084fe 0x408507 number
0x403e67 0x403e7f number
0x401e20 0x401e52 number
0x406833 0x40684c number
0x408510 0x408517 number
0x403da2 0x403da6 number
0x4051f0 0x4051f1 number
0x40851c 0x408525 number
0x4051e4 0x4051e9 number
0x4040dd 0x4040f0 number
0x4040f6 0x404111 number
0x40419f 0x4041d7 number
0x407802 0x407822 number
0x405894 0x40589d number
0x40589f 0x4058a8 number
0x40a324 0x40a327 string
0x40a978 0x40a979 string
0x403fd7 0x403fe3 number
0x4058b1 0x4058c4 number
0x4011a0 0x4011a0 number
0x407839 0x407855 number
0x4041dc 0x404205 number
0x405887 0x40588d number
0x404116 0x404118 number
0x40411e 0x40411e number
0x40415a 0x40416d number
0x404193 0x40419d number
0x40586a 0x405882 number
0x4058d7 0x4058e7 number
0x4058f4 0x4058fc number
0x404123 0x404128 number
0x40414e 0x404158 number
0x401060 0x401060 number
0x404369 0x4043b3 number
0x403ffc 0x403ffc number
0x407827 0x407830 number
0x405910 0x405916 number
0x403fe9 0x403ffa number
0x4058c9 0x4058d5 number
0x403bee 0x403c10 number
0x40384d 0x403871 boolean
0x4039f9 0x403a22 boolean
0x403a37 0x403a80 boolean
0x40394a 0x403959 boolean
0x40395b 0x40397f boolean
0x403876 0x403878 boolean
0x403984 0x403986 boolean
0x4039d0 0x4039f4 boolean
0x4039b9 0x4039ca boolean
0x4089e6 0x408a09 string
0x408a0e 0x408a17 string
0x402a0e 0x402a4f string
0x408a8b 0x408aaa string
0x408aaf 0x408ab0 string
0x402a54 0x402a7d string
0x4029f7 0x4029f9 string
0x401d89 0x401dbb string
0x401dc0 0x401dd1 string
0x402b81 0x402b90 string
0x402bb0 0x402bd8 string
0x4089a9 0x4089c7 string
0x4089d3 0x4089e4 string
0x402d05 0x402d05 string
0x4029b0 0x4029c4 string
0x4029ca 0x4029f2 string
0x4029a2 0x4029c4 string
0x402ae0 0x402ae9 string
0x408a47 0x408a5e string
0x402bde 0x402bee string
0x408a20 0x408a42 string
0x401e84 0x401e84 string
0x402a92 0x402adb string
0x402ca8 0x402cb8 string
0x402c68 0x402c77 string
0x4089f6 0x408a09 string
0x40402a 0x40402a number
0x40402f 0x404034 number
0x4011d0 0x4011d0 number
0x40581c 0x405828 number
0x403eb0 0x403eb4 number
0x4057fe 0x405817 number
0x40405a 0x404084 number
0x40582a 0x40583a number
0x4057e1 0x4057f9 number
0x403da8 0x403db1 number
0x405847 0x40584f number
0x405863 0x405869 number
0x404002 0x40401d number
0x404089 0x4040b2 number
0x404022 0x404024 number
0x4023d9 0x402402 nan
0x402417 0x402460 nan
0x402334 0x402358 nan
0x40235d 0x40235f nan
0x402323 0x402332 nan
0x402267 0x40228b nan
0x402290 0x402292 nan
0x402392 0x4023a3 nan
0x4023a9 0x4023d4 nan
0x40b624 0x40b62d array
0x40b636 0x40b66b array
0x409002 0x409002 array
0x409007 0x409010 array
0x4043c7 0x4043f1 array
0x4094b5 0x4094c9 array
0x40b85e 0x40b87d array
0x40b886 0x40b892 array
0x40b670 0x40b684 array
0x40902d 0x409040 array
0x409055 0x40905a array
0x401c22 0x401c8a array
0x408fd3 0x408fdc array
0x40b5f5 0x40b608 array
0x40b60a 0x40b60e array
0x408fe1 0x408fe2 array
0x401c8f 0x401cb8 array
0x4094fb 0x409500 array
0x4043f6 0x404419 array
0x408fe3 0x408ff8 array
0x408ffd 0x408ffd array
0x40b8e8 0x40b905 array
0x40b699 0x40b69e array
0x4094da 0x4094e7 array
0x40b61a 0x40b61f array
0x409019 0x409028 array
0x40b8a9 0x40b8ae array
0x40443f 0x404488 array
0x40b8b0 0x40b8d1 array
0x401e83 0x401e84 array
0x406142 0x40614f array
0x4094ec 0x4094f6 array
0x40b829 0x40b852 array
0x401240 0x401240 array
0x40b8d6 0x40b8df array
0x4043b8 0x4043c1 array